{
  "devices": "${json-unit.matches:typeInSetMatcher}[A,B,C]"
}