{
  "user": {
    "username": "bob",
    "active": true
  },
  "roles": [
    "USER",
    "ADMIN"
  ]
}