{
  "title": "Dune",
  "author": "Frank Herbert",
  "year": 1965
}