{
  "orderDate": "${json-unit.matches:orderDateAsYYYYMMDD}"
}