{
  "processingMs": "${json-unit.matches:rangeMatcher}[100,400]"
}