{
  "userId": "${json-unit.matches:prefixMatcher}",
  "role": "admin"
}