{
  "createdAt": "${json-unit.matches:afterMatcher}",
  "title": "Dune"
}