{
  "id": "${json-unit.matches:uuidMatcher}",
  "title": "Dune"
}